<?xml version="1.0"?>
<search>
	<numResults>3</numResults>
	<creationDate>2013-12-14 00:18:31</creationDate>
	<results>
		<result>
			<file>Gruntfile.js</file>
			<lineNum>37</lineNum>
			<match>WARR[^\s]*/g,</match>
		</result>		<result>
			<file>LICENSE</file>
			<lineNum>15</lineNum>
			<match>WARRANTY</match>
		</result>		<result>
			<file>LICENSE</file>
			<lineNum>16</lineNum>
			<match>WARRANTIES</match>
		</result>
	</results>
</search>